✔ Upgraded 21 package(s) in 'external-dns-nextdns':
- ctlptl: 0.9.1 -> 0.9.4
- curl: 8.18.0 -> 8.20.0
- delve: 1.26.1 -> 1.26.3
- docker: 29.3.1 -> 29.5.3
- docker-compose: 5.0.2 -> 5.1.4
- git: 2.53.0 -> 2.54.0
- git-cliff: 2.12.0 -> 2.13.1
- go: 1.26.1 -> 1.26.3
- go-tools: 0.34.0 -> 0.44.0
- golangci-lint: 2.11.4 -> 2.12.2
- gum: 0.17.0
- helm: 3.19.1 -> 4.2.0
- jq: 1.8.1
- just: 1.49.0 -> 1.51.0
- kind: 0.31.0
- ko: 0.18.1
- kubectl: 1.35.3 -> 1.36.1
- kustomize: 5.8.1
- op: 2.33.1 -> 2.34.1
- tilt: 0.37.0 -> 0.37.3
- yq: 4.52.5 -> 4.53.3

